// 重构日志: a551d063
// 重构日志: 9498c01c
// 重构日志: e68236bb
// 重构日志: 3df208a9
// 重构日志: f30d087d
// 重构日志: 067c1aef
// 同步 ID: 2596b227 @ Sat Jul 18 00:41:19 UTC 2026
// 重构日志: ecdfbaf7
// 同步 ID: 569924a1 @ Sat Jul 18 11:11:37 UTC 2026
// 重构日志: 343ff22e
// 重构日志: 5b7b2a59
// 同步 ID: 7d94cb9c @ Sun Jul 19 16:21:54 UTC 2026
// 同步 ID: 986e0fa5 @ Mon Jul 20 05:43:19 UTC 2026
// 同步 ID: a38d699c @ Mon Jul 20 08:34:11 UTC 2026
// 同步 ID: 95ab044b @ Mon Jul 20 14:50:41 UTC 2026
// 重构日志: fae8ac83
// 同步 ID: 6c959827 @ Tue Jul 21 04:29:24 UTC 2026
// 重构日志: 1b7377fd
// 重构日志: d42122dc
// 重构日志: b6ba5a1c
// 重构日志: 9430d722
// 重构日志: b736c337
// 重构日志: 9b98f904
// 重构日志: 74c453ce
// 重构日志: bc1e40bc
// 同步 ID: 8c1dc38f @ Sun Jul 26 15:30:53 UTC 2026
// 重构日志: 4043fba7
// 同步 ID: dd4480b2 @ Sun Jul 26 23:57:51 UTC 2026
// 重构日志: 03bbf065
// 同步 ID: 071f64c6 @ Mon Jul 27 08:57:03 UTC 2026
// 重构日志: 26b6ab43
